[debug] [2026-10-01T10:57:32.700Z] ----------------------------------------------------------------------
[debug] [2026-10-01T10:57:32.706Z] Command:       /usr/local/Cellar/node/25.1.0_1/bin/node /usr/local/Cellar/node/25.1.0_1/bin/firebase deploy --only functions --project typing-english
[debug] [2026-10-01T10:57:32.706Z] CLI Version:   15.3.1
[debug] [2026-10-01T10:57:32.706Z] Platform:      darwin
[debug] [2026-10-01T10:57:32.707Z] Node Version:  v25.1.0
[debug] [2026-10-01T10:57:32.707Z] Time:          Thu Oct 01 2026 17:57:32 GMT+0700 (Indochina Time)
[debug] [2026-10-01T10:57:32.707Z] ----------------------------------------------------------------------
[debug] 
[debug] [2026-10-01T10:57:36.175Z] > command requires scopes: ["email","openid","https://www.googleapis.com/auth/cloudplatformprojects.readonly","https://www.googleapis.com/auth/firebase","https://www.googleapis.com/auth/cloud-platform"]
[debug] [2026-10-01T10:57:36.176Z] > authorizing via signed-in user (lehuyphuong.91@gmail.com)
[debug] [2026-10-01T10:57:36.177Z] [iam] checking project typing-english for permissions ["cloudfunctions.functions.create","cloudfunctions.functions.delete","cloudfunctions.functions.get","cloudfunctions.functions.list","cloudfunctions.functions.update","cloudfunctions.operations.get","firebase.projects.get"]
[debug] [2026-10-01T10:57:36.183Z] Checked if tokens are valid: true, expires at: 1790855021330
[debug] [2026-10-01T10:57:36.183Z] Checked if tokens are valid: true, expires at: 1790855021330
[debug] [2026-10-01T10:57:36.186Z] >>> [apiv2][query] POST https://cloudresourcemanager.googleapis.com/v1/projects/typing-english:testIamPermissions [none]
[debug] [2026-10-01T10:57:36.186Z] >>> [apiv2][(partial)header] POST https://cloudresourcemanager.googleapis.com/v1/projects/typing-english:testIamPermissions x-goog-quota-user=projects/typing-english
[debug] [2026-10-01T10:57:36.189Z] >>> [apiv2][body] POST https://cloudresourcemanager.googleapis.com/v1/projects/typing-english:testIamPermissions {"permissions":["cloudfunctions.functions.create","cloudfunctions.functions.delete","cloudfunctions.functions.get","cloudfunctions.functions.list","cloudfunctions.functions.update","cloudfunctions.operations.get","firebase.projects.get"]}
[debug] [2026-10-01T10:57:37.416Z] <<< [apiv2][status] POST https://cloudresourcemanager.googleapis.com/v1/projects/typing-english:testIamPermissions 200
[debug] [2026-10-01T10:57:37.417Z] <<< [apiv2][body] POST https://cloudresourcemanager.googleapis.com/v1/projects/typing-english:testIamPermissions {"permissions":["cloudfunctions.functions.create","cloudfunctions.functions.delete","cloudfunctions.functions.get","cloudfunctions.functions.list","cloudfunctions.functions.update","cloudfunctions.operations.get","firebase.projects.get"]}
[debug] [2026-10-01T10:57:37.418Z] Checked if tokens are valid: true, expires at: 1790855021330
[debug] [2026-10-01T10:57:37.418Z] Checked if tokens are valid: true, expires at: 1790855021330
[debug] [2026-10-01T10:57:37.419Z] >>> [apiv2][query] POST https://iam.googleapis.com/v1/projects/typing-english/serviceAccounts/typing-english@appspot.gserviceaccount.com:testIamPermissions [none]
[debug] [2026-10-01T10:57:37.419Z] >>> [apiv2][body] POST https://iam.googleapis.com/v1/projects/typing-english/serviceAccounts/typing-english@appspot.gserviceaccount.com:testIamPermissions {"permissions":["iam.serviceAccounts.actAs"]}
[debug] [2026-10-01T10:57:39.007Z] <<< [apiv2][status] POST https://iam.googleapis.com/v1/projects/typing-english/serviceAccounts/typing-english@appspot.gserviceaccount.com:testIamPermissions 200
[debug] [2026-10-01T10:57:39.007Z] <<< [apiv2][body] POST https://iam.googleapis.com/v1/projects/typing-english/serviceAccounts/typing-english@appspot.gserviceaccount.com:testIamPermissions {"permissions":["iam.serviceAccounts.actAs"]}
[info] 
[info] === Deploying to 'typing-english'...
[info] 
[info] i  deploying functions 
[debug] [2026-10-01T10:57:39.015Z] Checked if tokens are valid: true, expires at: 1790855021330
[debug] [2026-10-01T10:57:39.015Z] Checked if tokens are valid: true, expires at: 1790855021330
[debug] [2026-10-01T10:57:39.016Z] >>> [apiv2][query] GET https://cloudresourcemanager.googleapis.com/v1/projects/typing-english [none]
[debug] [2026-10-01T10:57:39.299Z] <<< [apiv2][status] GET https://cloudresourcemanager.googleapis.com/v1/projects/typing-english 200
[debug] [2026-10-01T10:57:39.300Z] <<< [apiv2][body] GET https://cloudresourcemanager.googleapis.com/v1/projects/typing-english {"projectNumber":"376016695100","projectId":"typing-english","lifecycleState":"ACTIVE","name":"Typing English","labels":{"firebase":"enabled","firebase-core":"disabled"},"createTime":"2026-10-01T03:19:54.646Z"}
[info] i  functions: preparing codebase default for deployment 
[info] i  functions: ensuring required API cloudfunctions.googleapis.com is enabled... 
[info] i  functions: ensuring required API cloudbuild.googleapis.com is enabled... 
[info] i  artifactregistry: ensuring required API artifactregistry.googleapis.com is enabled... 
[debug] [2026-10-01T10:57:39.305Z] Checked if tokens are valid: true, expires at: 1790855021330
[debug] [2026-10-01T10:57:39.305Z] Checked if tokens are valid: true, expires at: 1790855021330
[debug] [2026-10-01T10:57:39.306Z] >>> [apiv2][query] GET https://firebase.googleapis.com/v1beta1/projects/typing-english/adminSdkConfig [none]
[debug] [2026-10-01T10:57:39.713Z] <<< [apiv2][status] GET https://firebase.googleapis.com/v1beta1/projects/typing-english/adminSdkConfig 200
[debug] [2026-10-01T10:57:39.714Z] <<< [apiv2][body] GET https://firebase.googleapis.com/v1beta1/projects/typing-english/adminSdkConfig {"projectId":"typing-english","storageBucket":"typing-english.firebasestorage.app"}
[debug] [2026-10-01T10:57:39.715Z] Checked if tokens are valid: true, expires at: 1790855021330
[debug] [2026-10-01T10:57:39.715Z] Checked if tokens are valid: true, expires at: 1790855021330
[debug] [2026-10-01T10:57:39.715Z] >>> [apiv2][query] GET https://runtimeconfig.googleapis.com/v1beta1/projects/typing-english/configs [none]
[debug] [2026-10-01T10:57:40.135Z] <<< [apiv2][status] GET https://runtimeconfig.googleapis.com/v1beta1/projects/typing-english/configs 200
[debug] [2026-10-01T10:57:40.135Z] <<< [apiv2][body] GET https://runtimeconfig.googleapis.com/v1beta1/projects/typing-english/configs {}
[debug] [2026-10-01T10:57:40.137Z] Validating nodejs source
[debug] [2026-10-01T10:57:41.824Z] > [functions] package.json contents: {
  "name": "functions",
  "version": "1.0.0",
  "description": "Firebase Cloud Functions for Tingee webhook",
  "main": "index.js",
  "engines": {
    "node": "22"
  },
  "scripts": {
    "serve": "npx firebase-tools emulators:start --only functions",
    "deploy": "npx firebase-tools deploy --only functions --project typing-english",
    "logs": "npx firebase-tools functions:log"
  },
  "dependencies": {
    "firebase-admin": "^14.5.0",
    "firebase-functions": "^7.4.0"
  },
  "private": true
}
[debug] [2026-10-01T10:57:41.824Z] Building nodejs source
[info] i  functions: Loading and analyzing source code for codebase default to determine what to deploy 
[debug] [2026-10-01T10:57:41.826Z] Could not find functions.yaml. Must use http discovery
[debug] [2026-10-01T10:57:41.854Z] Found firebase-functions binary at '/Users/macos/Work/WebApps/qwerty-learner/functions/node_modules/.bin/firebase-functions'
[info] Serving at port 8318

[debug] [2026-10-01T10:57:43.777Z] Got response from /__/functions.yaml {"specVersion":"v1alpha1","endpoints":{"tingeeWebhook":{"availableMemoryMb":null,"timeoutSeconds":null,"minInstances":null,"maxInstances":10,"ingressSettings":null,"concurrency":null,"serviceAccountEmail":null,"vpc":null,"platform":"gcfv2","region":["asia-southeast1"],"secretEnvironmentVariables":[{"key":"TINGEE_SECRET_KEY"}],"labels":{},"httpsTrigger":{},"entryPoint":"tingeeWebhook"}},"params":[{"type":"secret","name":"TINGEE_SECRET_KEY"},{"name":"TINGEE_CLIENT_ID","type":"string"}],"extensions":{},"requiredAPIs":[]}
[info] i  extensions: ensuring required API firebaseextensions.googleapis.com is enabled... 
[debug] [2026-10-01T10:57:47.825Z] > command requires scopes: ["email","openid","https://www.googleapis.com/auth/cloudplatformprojects.readonly","https://www.googleapis.com/auth/firebase","https://www.googleapis.com/auth/cloud-platform"]
[debug] [2026-10-01T10:57:47.825Z] > authorizing via signed-in user (lehuyphuong.91@gmail.com)
[debug] [2026-10-01T10:57:47.826Z] [iam] checking project typing-english for permissions ["firebase.projects.get","firebaseextensions.instances.list"]
[debug] [2026-10-01T10:57:47.826Z] Checked if tokens are valid: true, expires at: 1790855021330
[debug] [2026-10-01T10:57:47.826Z] Checked if tokens are valid: true, expires at: 1790855021330
[debug] [2026-10-01T10:57:47.826Z] >>> [apiv2][query] POST https://cloudresourcemanager.googleapis.com/v1/projects/typing-english:testIamPermissions [none]
[debug] [2026-10-01T10:57:47.826Z] >>> [apiv2][(partial)header] POST https://cloudresourcemanager.googleapis.com/v1/projects/typing-english:testIamPermissions x-goog-quota-user=projects/typing-english
[debug] [2026-10-01T10:57:47.826Z] >>> [apiv2][body] POST https://cloudresourcemanager.googleapis.com/v1/projects/typing-english:testIamPermissions {"permissions":["firebase.projects.get","firebaseextensions.instances.list"]}
[debug] [2026-10-01T10:57:48.758Z] <<< [apiv2][status] POST https://cloudresourcemanager.googleapis.com/v1/projects/typing-english:testIamPermissions 200
[debug] [2026-10-01T10:57:48.758Z] <<< [apiv2][body] POST https://cloudresourcemanager.googleapis.com/v1/projects/typing-english:testIamPermissions {"permissions":["firebase.projects.get","firebaseextensions.instances.list"]}
[debug] [2026-10-01T10:57:48.759Z] Checked if tokens are valid: true, expires at: 1790855021330
[debug] [2026-10-01T10:57:48.759Z] Checked if tokens are valid: true, expires at: 1790855021330
[debug] [2026-10-01T10:57:48.759Z] >>> [apiv2][query] GET https://firebaseextensions.googleapis.com/v1beta/projects/typing-english/instances pageSize=100&pageToken=
[debug] [2026-10-01T10:57:49.406Z] <<< [apiv2][status] GET https://firebaseextensions.googleapis.com/v1beta/projects/typing-english/instances 200
[debug] [2026-10-01T10:57:49.406Z] <<< [apiv2][body] GET https://firebaseextensions.googleapis.com/v1beta/projects/typing-english/instances {}
[info] i  functions: Loaded environment variables from .env. 
[debug] [2026-10-01T10:57:49.411Z] Checked if tokens are valid: true, expires at: 1790855021330
[debug] [2026-10-01T10:57:49.411Z] Checked if tokens are valid: true, expires at: 1790855021330
[debug] [2026-10-01T10:57:49.411Z] >>> [apiv2][query] GET https://secretmanager.googleapis.com/v1/projects/typing-english/secrets/TINGEE_SECRET_KEY [none]
[debug] [2026-10-01T10:57:50.058Z] <<< [apiv2][status] GET https://secretmanager.googleapis.com/v1/projects/typing-english/secrets/TINGEE_SECRET_KEY 200
[debug] [2026-10-01T10:57:50.058Z] <<< [apiv2][body] GET https://secretmanager.googleapis.com/v1/projects/typing-english/secrets/TINGEE_SECRET_KEY {"name":"projects/376016695100/secrets/TINGEE_SECRET_KEY","replication":{"automatic":{}},"createTime":"2026-10-01T10:43:46.105310Z","labels":{"firebase-managed":"functions"},"etag":"\"165cc51722a2c9\""}
[debug] [2026-10-01T10:57:50.059Z] Checked if tokens are valid: true, expires at: 1790855021330
[debug] [2026-10-01T10:57:50.059Z] Checked if tokens are valid: true, expires at: 1790855021330
[debug] [2026-10-01T10:57:50.059Z] >>> [apiv2][query] GET https://secretmanager.googleapis.com/v1/projects/typing-english/secrets/TINGEE_SECRET_KEY/versions/latest [none]
[debug] [2026-10-01T10:57:50.314Z] <<< [apiv2][status] GET https://secretmanager.googleapis.com/v1/projects/typing-english/secrets/TINGEE_SECRET_KEY/versions/latest 200
[debug] [2026-10-01T10:57:50.314Z] <<< [apiv2][body] GET https://secretmanager.googleapis.com/v1/projects/typing-english/secrets/TINGEE_SECRET_KEY/versions/latest {"name":"projects/376016695100/secrets/TINGEE_SECRET_KEY/versions/2","createTime":"2026-10-01T10:57:15.632822Z","state":"ENABLED","replicationStatus":{"automatic":{}},"etag":"\"165cc54759a0b6\""}
[info] i  functions: preparing functions directory for uploading... 
[info] i  functions: packaged /Users/macos/Work/WebApps/qwerty-learner/functions (37.73 KB) for uploading 
[debug] [2026-10-01T10:57:50.376Z] Checked if tokens are valid: true, expires at: 1790855021330
[debug] [2026-10-01T10:57:50.377Z] Checked if tokens are valid: true, expires at: 1790855021330
[debug] [2026-10-01T10:57:50.377Z] >>> [apiv2][query] GET https://cloudfunctions.googleapis.com/v1/projects/typing-english/locations/-/functions [none]
[debug] [2026-10-01T10:57:51.241Z] <<< [apiv2][status] GET https://cloudfunctions.googleapis.com/v1/projects/typing-english/locations/-/functions 200
[debug] [2026-10-01T10:57:51.241Z] <<< [apiv2][body] GET https://cloudfunctions.googleapis.com/v1/projects/typing-english/locations/-/functions {}
[debug] [2026-10-01T10:57:51.242Z] Checked if tokens are valid: true, expires at: 1790855021330
[debug] [2026-10-01T10:57:51.242Z] Checked if tokens are valid: true, expires at: 1790855021330
[debug] [2026-10-01T10:57:51.242Z] >>> [apiv2][query] GET https://cloudfunctions.googleapis.com/v2/projects/typing-english/locations/-/functions filter=environment%3D%22GEN_2%22
[debug] [2026-10-01T10:57:52.743Z] <<< [apiv2][status] GET https://cloudfunctions.googleapis.com/v2/projects/typing-english/locations/-/functions 200
[debug] [2026-10-01T10:57:52.743Z] <<< [apiv2][body] GET https://cloudfunctions.googleapis.com/v2/projects/typing-english/locations/-/functions {"functions":[{"name":"projects/typing-english/locations/asia-southeast1/functions/tingeeWebhook","buildConfig":{"build":"projects/376016695100/locations/asia-southeast1/builds/07604e39-f7e9-4756-8b91-e46b54ad431c","runtime":"nodejs22","entryPoint":"tingeeWebhook","source":{"storageSource":{"bucket":"gcf-v2-sources-376016695100-asia-southeast1","object":"tingeeWebhook/function-source.zip","generation":"1790851953674662"}},"environmentVariables":{"GOOGLE_NODE_RUN_SCRIPTS":""},"dockerRepository":"projects/typing-english/locations/asia-southeast1/repositories/gcf-artifacts","sourceProvenance":{"resolvedStorageSource":{"bucket":"gcf-v2-sources-376016695100-asia-southeast1","object":"tingeeWebhook/function-source.zip","generation":"1790851953674662"}},"dockerRegistry":"ARTIFACT_REGISTRY","serviceAccount":"projects/typing-english/serviceAccounts/376016695100-compute@developer.gserviceaccount.com","automaticUpdatePolicy":{}},"serviceConfig":{"service":"projects/typing-english/locations/asia-southeast1/services/tingeewebhook","timeoutSeconds":60,"environmentVariables":{"TINGEE_CLIENT_ID":"05fae22afc7e7b67424b2e34c3936fe9","FIREBASE_CONFIG":"{\"projectId\":\"typing-english\",\"storageBucket\":\"typing-english.firebasestorage.app\"}","GCLOUD_PROJECT":"typing-english","EVENTARC_CLOUD_EVENT_SOURCE":"projects/typing-english/locations/asia-southeast1/services/tingeeWebhook","FUNCTION_TARGET":"tingeeWebhook","LOG_EXECUTION_ID":"true"},"maxInstanceCount":10,"ingressSettings":"ALLOW_ALL","uri":"https://tingeewebhook-dkfhnyvf5q-as.a.run.app","serviceAccountEmail":"376016695100-compute@developer.gserviceaccount.com","availableMemory":"256Mi","allTrafficOnLatestRevision":true,"secretEnvironmentVariables":[{"key":"TINGEE_SECRET_KEY","projectId":"typing-english","secret":"TINGEE_SECRET_KEY","version":"1"}],"revision":"tingeewebhook-00002-key","maxInstanceRequestConcurrency":80,"availableCpu":"1"},"state":"ACTIVE","updateTime":"2026-10-01T10:53:31.835654057Z","labels":{"deployment-tool":"cli-firebase","firebase-functions-hash":"119099e4fca4135272ae30e10886fe3940eda797"},"environment":"GEN_2","url":"https://asia-southeast1-typing-english.cloudfunctions.net/tingeeWebhook","satisfiesPzs":true,"createTime":"2026-10-01T10:47:42.124420099Z","satisfiesPzi":true}]}
[info] i  functions: ensuring required API run.googleapis.com is enabled... 
[info] i  functions: ensuring required API eventarc.googleapis.com is enabled... 
[info] i  functions: ensuring required API pubsub.googleapis.com is enabled... 
[info] i  functions: ensuring required API storage.googleapis.com is enabled... 
[info] i  functions: generating the service identity for pubsub.googleapis.com... 
[debug] [2026-10-01T10:57:52.750Z] Checked if tokens are valid: true, expires at: 1790855021330
[debug] [2026-10-01T10:57:52.750Z] Checked if tokens are valid: true, expires at: 1790855021330
[info] i  functions: generating the service identity for eventarc.googleapis.com... 
[debug] [2026-10-01T10:57:52.750Z] Checked if tokens are valid: true, expires at: 1790855021330
[debug] [2026-10-01T10:57:52.750Z] Checked if tokens are valid: true, expires at: 1790855021330
[debug] [2026-10-01T10:57:52.751Z] >>> [apiv2][query] POST https://serviceusage.googleapis.com/v1beta1/projects/376016695100/services/pubsub.googleapis.com:generateServiceIdentity [none]
[debug] [2026-10-01T10:57:52.751Z] >>> [apiv2][(partial)header] POST https://serviceusage.googleapis.com/v1beta1/projects/376016695100/services/pubsub.googleapis.com:generateServiceIdentity x-goog-quota-user=projects/376016695100
[debug] [2026-10-01T10:57:52.751Z] >>> [apiv2][body] POST https://serviceusage.googleapis.com/v1beta1/projects/376016695100/services/pubsub.googleapis.com:generateServiceIdentity {}
[debug] [2026-10-01T10:57:52.753Z] >>> [apiv2][query] POST https://serviceusage.googleapis.com/v1beta1/projects/376016695100/services/eventarc.googleapis.com:generateServiceIdentity [none]
[debug] [2026-10-01T10:57:52.753Z] >>> [apiv2][(partial)header] POST https://serviceusage.googleapis.com/v1beta1/projects/376016695100/services/eventarc.googleapis.com:generateServiceIdentity x-goog-quota-user=projects/376016695100
[debug] [2026-10-01T10:57:52.753Z] >>> [apiv2][body] POST https://serviceusage.googleapis.com/v1beta1/projects/376016695100/services/eventarc.googleapis.com:generateServiceIdentity {}
[debug] [2026-10-01T10:57:54.080Z] <<< [apiv2][status] POST https://serviceusage.googleapis.com/v1beta1/projects/376016695100/services/pubsub.googleapis.com:generateServiceIdentity 200
[debug] [2026-10-01T10:57:54.080Z] <<< [apiv2][body] POST https://serviceusage.googleapis.com/v1beta1/projects/376016695100/services/pubsub.googleapis.com:generateServiceIdentity {"name":"operations/finished.DONE_OPERATION","done":true,"response":{"@type":"type.googleapis.com/google.api.serviceusage.v1beta1.ServiceIdentity","email":"service-376016695100@gcp-sa-pubsub.iam.gserviceaccount.com","uniqueId":"112589820152075772458"}}
[debug] [2026-10-01T10:57:54.163Z] <<< [apiv2][status] POST https://serviceusage.googleapis.com/v1beta1/projects/376016695100/services/eventarc.googleapis.com:generateServiceIdentity 200
[debug] [2026-10-01T10:57:54.163Z] <<< [apiv2][body] POST https://serviceusage.googleapis.com/v1beta1/projects/376016695100/services/eventarc.googleapis.com:generateServiceIdentity {"name":"operations/finished.DONE_OPERATION","done":true,"response":{"@type":"type.googleapis.com/google.api.serviceusage.v1beta1.ServiceIdentity","email":"service-376016695100@gcp-sa-eventarc.iam.gserviceaccount.com","uniqueId":"110027631786676614124"}}
[info] i  functions: ensuring required API secretmanager.googleapis.com is enabled... 
[debug] [2026-10-01T10:57:54.166Z] Checked if tokens are valid: true, expires at: 1790855021330
[debug] [2026-10-01T10:57:54.166Z] Checked if tokens are valid: true, expires at: 1790855021330
[debug] [2026-10-01T10:57:54.166Z] >>> [apiv2][query] GET https://secretmanager.googleapis.com/v1/projects/typing-english/secrets/TINGEE_SECRET_KEY/versions/latest [none]
[debug] [2026-10-01T10:57:54.417Z] <<< [apiv2][status] GET https://secretmanager.googleapis.com/v1/projects/typing-english/secrets/TINGEE_SECRET_KEY/versions/latest 200
[debug] [2026-10-01T10:57:54.418Z] <<< [apiv2][body] GET https://secretmanager.googleapis.com/v1/projects/typing-english/secrets/TINGEE_SECRET_KEY/versions/latest {"name":"projects/376016695100/secrets/TINGEE_SECRET_KEY/versions/2","createTime":"2026-10-01T10:57:15.632822Z","state":"ENABLED","replicationStatus":{"automatic":{}},"etag":"\"165cc54759a0b6\""}
[debug] [2026-10-01T10:57:54.418Z] Resolved secret version of TINGEE_SECRET_KEY to 2.
[debug] [2026-10-01T10:57:54.420Z] Checked if tokens are valid: true, expires at: 1790855021330
[debug] [2026-10-01T10:57:54.420Z] Checked if tokens are valid: true, expires at: 1790855021330
[debug] [2026-10-01T10:57:54.420Z] >>> [apiv2][query] GET https://cloudresourcemanager.googleapis.com/v1/projects/typing-english [none]
[debug] [2026-10-01T10:57:55.533Z] <<< [apiv2][status] GET https://cloudresourcemanager.googleapis.com/v1/projects/typing-english 200
[debug] [2026-10-01T10:57:55.533Z] <<< [apiv2][body] GET https://cloudresourcemanager.googleapis.com/v1/projects/typing-english {"projectNumber":"376016695100","projectId":"typing-english","lifecycleState":"ACTIVE","name":"Typing English","labels":{"firebase":"enabled","firebase-core":"disabled"},"createTime":"2026-10-01T03:19:54.646Z"}
[debug] [2026-10-01T10:57:55.534Z] Checked if tokens are valid: true, expires at: 1790855021330
[debug] [2026-10-01T10:57:55.534Z] Checked if tokens are valid: true, expires at: 1790855021330
[debug] [2026-10-01T10:57:55.534Z] >>> [apiv2][query] GET https://compute.googleapis.com/compute/v1/projects/376016695100 [none]
[debug] [2026-10-01T10:57:55.877Z] <<< [apiv2][status] GET https://compute.googleapis.com/compute/v1/projects/376016695100 403
[debug] [2026-10-01T10:57:55.877Z] <<< [apiv2][body] GET https://compute.googleapis.com/compute/v1/projects/376016695100 {"error":{"code":403,"message":"Compute Engine API has not been used in project 376016695100 before or it is disabled. Enable it by visiting https://console.developers.google.com/apis/api/compute.googleapis.com/overview?project=376016695100 then retry. If you enabled this API recently, wait a few minutes for the action to propagate to our systems and retry.","errors":[{"message":"Compute Engine API has not been used in project 376016695100 before or it is disabled. Enable it by visiting https://console.developers.google.com/apis/api/compute.googleapis.com/overview?project=376016695100 then retry. If you enabled this API recently, wait a few minutes for the action to propagate to our systems and retry.","domain":"usageLimits","reason":"accessNotConfigured","extendedHelp":"https://console.developers.google.com"}],"status":"PERMISSION_DENIED","details":[{"@type":"type.googleapis.com/google.rpc.ErrorInfo","reason":"SERVICE_DISABLED","domain":"googleapis.com","metadata":{"consumer":"projects/376016695100","serviceTitle":"Compute Engine API","activationUrl":"https://console.developers.google.com/apis/api/compute.googleapis.com/overview?project=376016695100","containerInfo":"376016695100","service":"compute.googleapis.com"}},{"@type":"type.googleapis.com/google.rpc.LocalizedMessage","locale":"en-US","message":"Compute Engine API has not been used in project 376016695100 before or it is disabled. Enable it by visiting https://console.developers.google.com/apis/api/compute.googleapis.com/overview?project=376016695100 then retry. If you enabled this API recently, wait a few minutes for the action to propagate to our systems and retry."},{"@type":"type.googleapis.com/google.rpc.Help","links":[{"description":"Google developers console API activation","url":"https://console.developers.google.com/apis/api/compute.googleapis.com/overview?project=376016695100"}]}]}}
[debug] [2026-10-01T10:57:55.878Z] unable to look up default compute service account. Falling back to 376016695100-compute@developer.gserviceaccount.com. Error: {"name":"FirebaseError","children":[],"context":{"body":{"error":{"code":403,"message":"Compute Engine API has not been used in project 376016695100 before or it is disabled. Enable it by visiting https://console.developers.google.com/apis/api/compute.googleapis.com/overview?project=376016695100 then retry. If you enabled this API recently, wait a few minutes for the action to propagate to our systems and retry.","errors":[{"message":"Compute Engine API has not been used in project 376016695100 before or it is disabled. Enable it by visiting https://console.developers.google.com/apis/api/compute.googleapis.com/overview?project=376016695100 then retry. If you enabled this API recently, wait a few minutes for the action to propagate to our systems and retry.","domain":"usageLimits","reason":"accessNotConfigured","extendedHelp":"https://console.developers.google.com"}],"status":"PERMISSION_DENIED","details":[{"@type":"type.googleapis.com/google.rpc.ErrorInfo","reason":"SERVICE_DISABLED","domain":"googleapis.com","metadata":{"consumer":"projects/376016695100","serviceTitle":"Compute Engine API","activationUrl":"https://console.developers.google.com/apis/api/compute.googleapis.com/overview?project=376016695100","containerInfo":"376016695100","service":"compute.googleapis.com"}},{"@type":"type.googleapis.com/google.rpc.LocalizedMessage","locale":"en-US","message":"Compute Engine API has not been used in project 376016695100 before or it is disabled. Enable it by visiting https://console.developers.google.com/apis/api/compute.googleapis.com/overview?project=376016695100 then retry. If you enabled this API recently, wait a few minutes for the action to propagate to our systems and retry."},{"@type":"type.googleapis.com/google.rpc.Help","links":[{"description":"Google developers console API activation","url":"https://console.developers.google.com/apis/api/compute.googleapis.com/overview?project=376016695100"}]}]}},"response":{"statusCode":403}},"exit":1,"message":"Request to https://compute.googleapis.com/compute/v1/projects/376016695100 had HTTP Error: 403, Compute Engine API has not been used in project 376016695100 before or it is disabled. Enable it by visiting https://console.developers.google.com/apis/api/compute.googleapis.com/overview?project=376016695100 then retry. If you enabled this API recently, wait a few minutes for the action to propagate to our systems and retry.","status":403}
[debug] [2026-10-01T10:57:55.880Z] Checked if tokens are valid: true, expires at: 1790855021330
[debug] [2026-10-01T10:57:55.880Z] Checked if tokens are valid: true, expires at: 1790855021330
[debug] [2026-10-01T10:57:55.880Z] >>> [apiv2][query] GET https://cloudbilling.googleapis.com/v1/projects/typing-english/billingInfo [none]
[debug] [2026-10-01T10:57:57.101Z] <<< [apiv2][status] GET https://cloudbilling.googleapis.com/v1/projects/typing-english/billingInfo 200
[debug] [2026-10-01T10:57:57.102Z] <<< [apiv2][body] GET https://cloudbilling.googleapis.com/v1/projects/typing-english/billingInfo {"name":"projects/typing-english/billingInfo","projectId":"typing-english","billingAccountName":"billingAccounts/01AAE8-563EA5-27400C","billingEnabled":true}
[debug] [2026-10-01T10:57:57.104Z] Checked if tokens are valid: true, expires at: 1790855021330
[debug] [2026-10-01T10:57:57.104Z] Checked if tokens are valid: true, expires at: 1790855021330
[debug] [2026-10-01T10:57:57.104Z] >>> [apiv2][query] POST https://cloudfunctions.googleapis.com/v2/projects/typing-english/locations/asia-southeast1/functions:generateUploadUrl [none]
[debug] [2026-10-01T10:57:57.528Z] <<< [apiv2][status] POST https://cloudfunctions.googleapis.com/v2/projects/typing-english/locations/asia-southeast1/functions:generateUploadUrl 200
[debug] [2026-10-01T10:57:57.528Z] <<< [apiv2][body] POST https://cloudfunctions.googleapis.com/v2/projects/typing-english/locations/asia-southeast1/functions:generateUploadUrl {"uploadUrl":"https://storage.googleapis.com/gcf-v2-uploads-376016695100.asia-southeast1.cloudfunctions.appspot.com/82718f20-471d-433c-9604-95e4a688dba3.zip?GoogleAccessId=service-376016695100@gcf-admin-robot.iam.gserviceaccount.com&Expires=1790854077&Signature=Mnh1pnWRp7VIHSkSEZDWTEYg9b6o9fOT%2FEQv98Jt2UO8uefcmNH6d8AbsWSoHLIiS5M8Bm2b2XlPQJk0qpeoxgUWSIajU8m38pQMJGM30PMc2LNUWVz8oAeZEXWinFAGTm4lrHAVA4bUC6mtfix%2F376C5mG90Xje5s3ay0PKdMxZggGcYJH8hXsJh8GDx4QGqwkMESRKeckhckXJ1NzNK3ZEr4oYvK4nj28XjQcLsgrOXZijNyBtpeIOToOXGLRJGZDjMHC3oFE%2BQxQGeqGLmWS%2Bykn52ZhX6xrs66CEl5V8g4EtzqXcY4eFGEQALlYSZrmd61G%2BJSO%2BrV%2BzfpE%2FAw%3D%3D","storageSource":{"bucket":"gcf-v2-uploads-376016695100.asia-southeast1.cloudfunctions.appspot.com","object":"82718f20-471d-433c-9604-95e4a688dba3.zip"}}
[debug] [2026-10-01T10:57:57.529Z] >>> [apiv2][query] PUT https://storage.googleapis.com/gcf-v2-uploads-376016695100.asia-southeast1.cloudfunctions.appspot.com/82718f20-471d-433c-9604-95e4a688dba3.zip GoogleAccessId=service-376016695100%40gcf-admin-robot.iam.gserviceaccount.com&Expires=1790854077&Signature=Mnh1pnWRp7VIHSkSEZDWTEYg9b6o9fOT%2FEQv98Jt2UO8uefcmNH6d8AbsWSoHLIiS5M8Bm2b2XlPQJk0qpeoxgUWSIajU8m38pQMJGM30PMc2LNUWVz8oAeZEXWinFAGTm4lrHAVA4bUC6mtfix%2F376C5mG90Xje5s3ay0PKdMxZggGcYJH8hXsJh8GDx4QGqwkMESRKeckhckXJ1NzNK3ZEr4oYvK4nj28XjQcLsgrOXZijNyBtpeIOToOXGLRJGZDjMHC3oFE%2BQxQGeqGLmWS%2Bykn52ZhX6xrs66CEl5V8g4EtzqXcY4eFGEQALlYSZrmd61G%2BJSO%2BrV%2BzfpE%2FAw%3D%3D
[debug] [2026-10-01T10:57:57.529Z] >>> [apiv2][body] PUT https://storage.googleapis.com/gcf-v2-uploads-376016695100.asia-southeast1.cloudfunctions.appspot.com/82718f20-471d-433c-9604-95e4a688dba3.zip [stream]
[debug] [2026-10-01T10:57:57.824Z] <<< [apiv2][status] PUT https://storage.googleapis.com/gcf-v2-uploads-376016695100.asia-southeast1.cloudfunctions.appspot.com/82718f20-471d-433c-9604-95e4a688dba3.zip 200
[debug] [2026-10-01T10:57:57.824Z] <<< [apiv2][body] PUT https://storage.googleapis.com/gcf-v2-uploads-376016695100.asia-southeast1.cloudfunctions.appspot.com/82718f20-471d-433c-9604-95e4a688dba3.zip [omitted]
[info] ✔  functions: functions source uploaded successfully 
[info] i  functions: updating Node.js 22 (2nd Gen) function tingeeWebhook(asia-southeast1)... 
[debug] [2026-10-01T10:57:57.832Z] Checked if tokens are valid: true, expires at: 1790855021330
[debug] [2026-10-01T10:57:57.832Z] Checked if tokens are valid: true, expires at: 1790855021330
[debug] [2026-10-01T10:57:57.832Z] >>> [apiv2][query] PATCH https://cloudfunctions.googleapis.com/v2/projects/typing-english/locations/asia-southeast1/functions/tingeeWebhook updateMask=name%2CbuildConfig.runtime%2CbuildConfig.entryPoint%2CbuildConfig.source.storageSource.bucket%2CbuildConfig.source.storageSource.object%2CbuildConfig.environmentVariables%2CbuildConfig.sourceToken%2CserviceConfig.environmentVariables%2CserviceConfig.secretEnvironmentVariables%2CserviceConfig.ingressSettings%2CserviceConfig.timeoutSeconds%2CserviceConfig.serviceAccountEmail%2CserviceConfig.availableMemory%2CserviceConfig.minInstanceCount%2CserviceConfig.maxInstanceCount%2CserviceConfig.maxInstanceRequestConcurrency%2CserviceConfig.availableCpu%2CserviceConfig.vpcConnector%2CserviceConfig.vpcConnectorEgressSettings%2Clabels
[debug] [2026-10-01T10:57:57.832Z] >>> [apiv2][body] PATCH https://cloudfunctions.googleapis.com/v2/projects/typing-english/locations/asia-southeast1/functions/tingeeWebhook {"name":"projects/typing-english/locations/asia-southeast1/functions/tingeeWebhook","buildConfig":{"runtime":"nodejs22","entryPoint":"tingeeWebhook","source":{"storageSource":{"bucket":"gcf-v2-uploads-376016695100.asia-southeast1.cloudfunctions.appspot.com","object":"82718f20-471d-433c-9604-95e4a688dba3.zip"}},"environmentVariables":{"GOOGLE_NODE_RUN_SCRIPTS":""}},"serviceConfig":{"environmentVariables":{"TINGEE_CLIENT_ID":"d1db28da3553e0bfe12e70df82a404e1","FIREBASE_CONFIG":"{\"projectId\":\"typing-english\",\"storageBucket\":\"typing-english.firebasestorage.app\"}","GCLOUD_PROJECT":"typing-english","EVENTARC_CLOUD_EVENT_SOURCE":"projects/typing-english/locations/asia-southeast1/services/tingeeWebhook","FUNCTION_TARGET":"tingeeWebhook","LOG_EXECUTION_ID":"true"},"secretEnvironmentVariables":[{"key":"TINGEE_SECRET_KEY","secret":"TINGEE_SECRET_KEY","projectId":"typing-english","version":"2"}],"ingressSettings":null,"timeoutSeconds":null,"serviceAccountEmail":null,"availableMemory":"256Mi","minInstanceCount":null,"maxInstanceCount":10,"maxInstanceRequestConcurrency":80,"availableCpu":"1","vpcConnector":null,"vpcConnectorEgressSettings":null},"labels":{"deployment-tool":"cli-firebase","firebase-functions-hash":"97a797e1384966db6c37b14c5464ad9e9595fea1"}}
[debug] [2026-10-01T10:57:59.536Z] <<< [apiv2][status] PATCH https://cloudfunctions.googleapis.com/v2/projects/typing-english/locations/asia-southeast1/functions/tingeeWebhook 200
[debug] [2026-10-01T10:57:59.537Z] <<< [apiv2][body] PATCH https://cloudfunctions.googleapis.com/v2/projects/typing-english/locations/asia-southeast1/functions/tingeeWebhook {"name":"projects/typing-english/locations/asia-southeast1/operations/operation-1790852278186-65cc549e2f3d3-9de6457c-06cba848","metadata":{"@type":"type.googleapis.com/google.cloud.functions.v2.OperationMetadata","createTime":"2026-10-01T10:57:59.526973360Z","target":"projects/typing-english/locations/asia-southeast1/functions/tingeeWebhook","verb":"update","cancelRequested":false,"apiVersion":"v2"},"done":false}
[debug] [2026-10-01T10:57:59.538Z] Checked if tokens are valid: true, expires at: 1790855021330
[debug] [2026-10-01T10:57:59.538Z] Checked if tokens are valid: true, expires at: 1790855021330
[debug] [2026-10-01T10:57:59.538Z] >>> [apiv2][query] GET https://cloudfunctions.googleapis.com/v2/projects/typing-english/locations/asia-southeast1/operations/operation-1790852278186-65cc549e2f3d3-9de6457c-06cba848 [none]
[debug] [2026-10-01T10:57:59.899Z] <<< [apiv2][status] GET https://cloudfunctions.googleapis.com/v2/projects/typing-english/locations/asia-southeast1/operations/operation-1790852278186-65cc549e2f3d3-9de6457c-06cba848 200
[debug] [2026-10-01T10:57:59.899Z] <<< [apiv2][body] GET https://cloudfunctions.googleapis.com/v2/projects/typing-english/locations/asia-southeast1/operations/operation-1790852278186-65cc549e2f3d3-9de6457c-06cba848 {"name":"projects/typing-english/locations/asia-southeast1/operations/operation-1790852278186-65cc549e2f3d3-9de6457c-06cba848","metadata":{"@type":"type.googleapis.com/google.cloud.functions.v2.OperationMetadata","createTime":"2026-10-01T10:57:59.526973360Z","target":"projects/typing-english/locations/asia-southeast1/functions/tingeeWebhook","verb":"update","cancelRequested":false,"apiVersion":"v2","requestResource":{"@type":"type.googleapis.com/google.cloud.functions.v2.Function","name":"projects/typing-english/locations/asia-southeast1/functions/tingeeWebhook","buildConfig":{"runtime":"nodejs22","entryPoint":"tingeeWebhook","source":{"storageSource":{"bucket":"gcf-v2-sources-376016695100-asia-southeast1","object":"tingeeWebhook/function-source.zip","generation":"1790852279472089"}},"environmentVariables":{"GOOGLE_NODE_RUN_SCRIPTS":""},"dockerRepository":"projects/typing-english/locations/asia-southeast1/repositories/gcf-artifacts","sourceProvenance":{"resolvedStorageSource":{"bucket":"gcf-v2-sources-376016695100-asia-southeast1","object":"tingeeWebhook/function-source.zip","generation":"1790851953674662"}},"dockerRegistry":"ARTIFACT_REGISTRY","serviceAccount":"projects/typing-english/serviceAccounts/376016695100-compute@developer.gserviceaccount.com","automaticUpdatePolicy":{}},"serviceConfig":{"service":"projects/typing-english/locations/asia-southeast1/services/tingeewebhook","timeoutSeconds":60,"environmentVariables":{"TINGEE_CLIENT_ID":"d1db28da3553e0bfe12e70df82a404e1","FIREBASE_CONFIG":"{\"projectId\":\"typing-english\",\"storageBucket\":\"typing-english.firebasestorage.app\"}","GCLOUD_PROJECT":"typing-english","EVENTARC_CLOUD_EVENT_SOURCE":"projects/typing-english/locations/asia-southeast1/services/tingeeWebhook","FUNCTION_TARGET":"tingeeWebhook","LOG_EXECUTION_ID":"true"},"maxInstanceCount":10,"ingressSettings":"ALLOW_ALL","uri":"https://tingeewebhook-dkfhnyvf5q-as.a.run.app","serviceAccountEmail":"376016695100-compute@developer.gserviceaccount.com","availableMemory":"256Mi","allTrafficOnLatestRevision":true,"secretEnvironmentVariables":[{"key":"TINGEE_SECRET_KEY","projectId":"typing-english","secret":"TINGEE_SECRET_KEY","version":"2"}],"revision":"tingeewebhook-00002-key","maxInstanceRequestConcurrency":80,"availableCpu":"1"},"state":"ACTIVE","labels":{"deployment-tool":"cli-firebase","firebase-functions-hash":"97a797e1384966db6c37b14c5464ad9e9595fea1"},"environment":"GEN_2","url":"https://asia-southeast1-typing-english.cloudfunctions.net/tingeeWebhook","satisfiesPzs":true,"satisfiesPzi":true},"stages":[{"name":"BUILD","state":"NOT_STARTED"},{"name":"SERVICE","state":"NOT_STARTED"}],"operationType":"UPDATE_FUNCTION"},"done":false}
[debug] [2026-10-01T10:58:00.401Z] [update-default-asia-southeast1-tingeeWebhook] Retrying task index 0
[debug] [2026-10-01T10:58:00.401Z] Checked if tokens are valid: true, expires at: 1790855021330
[debug] [2026-10-01T10:58:00.401Z] Checked if tokens are valid: true, expires at: 1790855021330
[debug] [2026-10-01T10:58:00.401Z] >>> [apiv2][query] GET https://cloudfunctions.googleapis.com/v2/projects/typing-english/locations/asia-southeast1/operations/operation-1790852278186-65cc549e2f3d3-9de6457c-06cba848 [none]
[debug] [2026-10-01T10:58:00.752Z] <<< [apiv2][status] GET https://cloudfunctions.googleapis.com/v2/projects/typing-english/locations/asia-southeast1/operations/operation-1790852278186-65cc549e2f3d3-9de6457c-06cba848 200
[debug] [2026-10-01T10:58:00.752Z] <<< [apiv2][body] GET https://cloudfunctions.googleapis.com/v2/projects/typing-english/locations/asia-southeast1/operations/operation-1790852278186-65cc549e2f3d3-9de6457c-06cba848 {"name":"projects/typing-english/locations/asia-southeast1/operations/operation-1790852278186-65cc549e2f3d3-9de6457c-06cba848","metadata":{"@type":"type.googleapis.com/google.cloud.functions.v2.OperationMetadata","createTime":"2026-10-01T10:57:59.526973360Z","target":"projects/typing-english/locations/asia-southeast1/functions/tingeeWebhook","verb":"update","cancelRequested":false,"apiVersion":"v2","requestResource":{"@type":"type.googleapis.com/google.cloud.functions.v2.Function","name":"projects/typing-english/locations/asia-southeast1/functions/tingeeWebhook","buildConfig":{"runtime":"nodejs22","entryPoint":"tingeeWebhook","source":{"storageSource":{"bucket":"gcf-v2-sources-376016695100-asia-southeast1","object":"tingeeWebhook/function-source.zip","generation":"1790852279472089"}},"environmentVariables":{"GOOGLE_NODE_RUN_SCRIPTS":""},"dockerRepository":"projects/typing-english/locations/asia-southeast1/repositories/gcf-artifacts","sourceProvenance":{"resolvedStorageSource":{"bucket":"gcf-v2-sources-376016695100-asia-southeast1","object":"tingeeWebhook/function-source.zip","generation":"1790851953674662"}},"dockerRegistry":"ARTIFACT_REGISTRY","serviceAccount":"projects/typing-english/serviceAccounts/376016695100-compute@developer.gserviceaccount.com","automaticUpdatePolicy":{}},"serviceConfig":{"service":"projects/typing-english/locations/asia-southeast1/services/tingeewebhook","timeoutSeconds":60,"environmentVariables":{"TINGEE_CLIENT_ID":"d1db28da3553e0bfe12e70df82a404e1","FIREBASE_CONFIG":"{\"projectId\":\"typing-english\",\"storageBucket\":\"typing-english.firebasestorage.app\"}","GCLOUD_PROJECT":"typing-english","EVENTARC_CLOUD_EVENT_SOURCE":"projects/typing-english/locations/asia-southeast1/services/tingeeWebhook","FUNCTION_TARGET":"tingeeWebhook","LOG_EXECUTION_ID":"true"},"maxInstanceCount":10,"ingressSettings":"ALLOW_ALL","uri":"https://tingeewebhook-dkfhnyvf5q-as.a.run.app","serviceAccountEmail":"376016695100-compute@developer.gserviceaccount.com","availableMemory":"256Mi","allTrafficOnLatestRevision":true,"secretEnvironmentVariables":[{"key":"TINGEE_SECRET_KEY","projectId":"typing-english","secret":"TINGEE_SECRET_KEY","version":"2"}],"revision":"tingeewebhook-00002-key","maxInstanceRequestConcurrency":80,"availableCpu":"1"},"state":"ACTIVE","labels":{"deployment-tool":"cli-firebase","firebase-functions-hash":"97a797e1384966db6c37b14c5464ad9e9595fea1"},"environment":"GEN_2","url":"https://asia-southeast1-typing-english.cloudfunctions.net/tingeeWebhook","satisfiesPzs":true,"satisfiesPzi":true},"stages":[{"name":"BUILD","state":"NOT_STARTED"},{"name":"SERVICE","state":"NOT_STARTED"}],"operationType":"UPDATE_FUNCTION"},"done":false}
[debug] [2026-10-01T10:58:01.753Z] [update-default-asia-southeast1-tingeeWebhook] Retrying task index 0
[debug] [2026-10-01T10:58:01.753Z] Checked if tokens are valid: true, expires at: 1790855021330
[debug] [2026-10-01T10:58:01.754Z] Checked if tokens are valid: true, expires at: 1790855021330
[debug] [2026-10-01T10:58:01.754Z] >>> [apiv2][query] GET https://cloudfunctions.googleapis.com/v2/projects/typing-english/locations/asia-southeast1/operations/operation-1790852278186-65cc549e2f3d3-9de6457c-06cba848 [none]
[debug] [2026-10-01T10:58:02.112Z] <<< [apiv2][status] GET https://cloudfunctions.googleapis.com/v2/projects/typing-english/locations/asia-southeast1/operations/operation-1790852278186-65cc549e2f3d3-9de6457c-06cba848 200
[debug] [2026-10-01T10:58:02.113Z] <<< [apiv2][body] GET https://cloudfunctions.googleapis.com/v2/projects/typing-english/locations/asia-southeast1/operations/operation-1790852278186-65cc549e2f3d3-9de6457c-06cba848 {"name":"projects/typing-english/locations/asia-southeast1/operations/operation-1790852278186-65cc549e2f3d3-9de6457c-06cba848","metadata":{"@type":"type.googleapis.com/google.cloud.functions.v2.OperationMetadata","createTime":"2026-10-01T10:57:59.526973360Z","target":"projects/typing-english/locations/asia-southeast1/functions/tingeeWebhook","verb":"update","cancelRequested":false,"apiVersion":"v2","requestResource":{"@type":"type.googleapis.com/google.cloud.functions.v2.Function","name":"projects/typing-english/locations/asia-southeast1/functions/tingeeWebhook","buildConfig":{"runtime":"nodejs22","entryPoint":"tingeeWebhook","source":{"storageSource":{"bucket":"gcf-v2-sources-376016695100-asia-southeast1","object":"tingeeWebhook/function-source.zip","generation":"1790852279472089"}},"environmentVariables":{"GOOGLE_NODE_RUN_SCRIPTS":""},"dockerRepository":"projects/typing-english/locations/asia-southeast1/repositories/gcf-artifacts","sourceProvenance":{"resolvedStorageSource":{"bucket":"gcf-v2-sources-376016695100-asia-southeast1","object":"tingeeWebhook/function-source.zip","generation":"1790851953674662"}},"dockerRegistry":"ARTIFACT_REGISTRY","serviceAccount":"projects/typing-english/serviceAccounts/376016695100-compute@developer.gserviceaccount.com","automaticUpdatePolicy":{}},"serviceConfig":{"service":"projects/typing-english/locations/asia-southeast1/services/tingeewebhook","timeoutSeconds":60,"environmentVariables":{"TINGEE_CLIENT_ID":"d1db28da3553e0bfe12e70df82a404e1","FIREBASE_CONFIG":"{\"projectId\":\"typing-english\",\"storageBucket\":\"typing-english.firebasestorage.app\"}","GCLOUD_PROJECT":"typing-english","EVENTARC_CLOUD_EVENT_SOURCE":"projects/typing-english/locations/asia-southeast1/services/tingeeWebhook","FUNCTION_TARGET":"tingeeWebhook","LOG_EXECUTION_ID":"true"},"maxInstanceCount":10,"ingressSettings":"ALLOW_ALL","uri":"https://tingeewebhook-dkfhnyvf5q-as.a.run.app","serviceAccountEmail":"376016695100-compute@developer.gserviceaccount.com","availableMemory":"256Mi","allTrafficOnLatestRevision":true,"secretEnvironmentVariables":[{"key":"TINGEE_SECRET_KEY","projectId":"typing-english","secret":"TINGEE_SECRET_KEY","version":"2"}],"revision":"tingeewebhook-00002-key","maxInstanceRequestConcurrency":80,"availableCpu":"1"},"state":"ACTIVE","labels":{"deployment-tool":"cli-firebase","firebase-functions-hash":"97a797e1384966db6c37b14c5464ad9e9595fea1"},"environment":"GEN_2","url":"https://asia-southeast1-typing-english.cloudfunctions.net/tingeeWebhook","satisfiesPzs":true,"satisfiesPzi":true},"stages":[{"name":"BUILD","message":"Build in progress","state":"IN_PROGRESS","resource":"projects/376016695100/locations/asia-southeast1/builds/e1230e99-f42a-491c-9559-822ee0b935aa","resourceUri":"https://console.cloud.google.com/cloud-build/builds;region=asia-southeast1/e1230e99-f42a-491c-9559-822ee0b935aa?project=376016695100"},{"name":"SERVICE","state":"NOT_STARTED"}],"operationType":"UPDATE_FUNCTION","buildName":"projects/376016695100/locations/asia-southeast1/builds/e1230e99-f42a-491c-9559-822ee0b935aa"},"done":false}
[debug] [2026-10-01T10:58:04.113Z] [update-default-asia-southeast1-tingeeWebhook] Retrying task index 0
[debug] [2026-10-01T10:58:04.114Z] Checked if tokens are valid: true, expires at: 1790855021330
[debug] [2026-10-01T10:58:04.114Z] Checked if tokens are valid: true, expires at: 1790855021330
[debug] [2026-10-01T10:58:04.114Z] >>> [apiv2][query] GET https://cloudfunctions.googleapis.com/v2/projects/typing-english/locations/asia-southeast1/operations/operation-1790852278186-65cc549e2f3d3-9de6457c-06cba848 [none]
[debug] [2026-10-01T10:58:04.469Z] <<< [apiv2][status] GET https://cloudfunctions.googleapis.com/v2/projects/typing-english/locations/asia-southeast1/operations/operation-1790852278186-65cc549e2f3d3-9de6457c-06cba848 200
[debug] [2026-10-01T10:58:04.469Z] <<< [apiv2][body] GET https://cloudfunctions.googleapis.com/v2/projects/typing-english/locations/asia-southeast1/operations/operation-1790852278186-65cc549e2f3d3-9de6457c-06cba848 {"name":"projects/typing-english/locations/asia-southeast1/operations/operation-1790852278186-65cc549e2f3d3-9de6457c-06cba848","metadata":{"@type":"type.googleapis.com/google.cloud.functions.v2.OperationMetadata","createTime":"2026-10-01T10:57:59.526973360Z","target":"projects/typing-english/locations/asia-southeast1/functions/tingeeWebhook","verb":"update","cancelRequested":false,"apiVersion":"v2","requestResource":{"@type":"type.googleapis.com/google.cloud.functions.v2.Function","name":"projects/typing-english/locations/asia-southeast1/functions/tingeeWebhook","buildConfig":{"runtime":"nodejs22","entryPoint":"tingeeWebhook","source":{"storageSource":{"bucket":"gcf-v2-sources-376016695100-asia-southeast1","object":"tingeeWebhook/function-source.zip","generation":"1790852279472089"}},"environmentVariables":{"GOOGLE_NODE_RUN_SCRIPTS":""},"dockerRepository":"projects/typing-english/locations/asia-southeast1/repositories/gcf-artifacts","sourceProvenance":{"resolvedStorageSource":{"bucket":"gcf-v2-sources-376016695100-asia-southeast1","object":"tingeeWebhook/function-source.zip","generation":"1790851953674662"}},"dockerRegistry":"ARTIFACT_REGISTRY","serviceAccount":"projects/typing-english/serviceAccounts/376016695100-compute@developer.gserviceaccount.com","automaticUpdatePolicy":{}},"serviceConfig":{"service":"projects/typing-english/locations/asia-southeast1/services/tingeewebhook","timeoutSeconds":60,"environmentVariables":{"TINGEE_CLIENT_ID":"d1db28da3553e0bfe12e70df82a404e1","FIREBASE_CONFIG":"{\"projectId\":\"typing-english\",\"storageBucket\":\"typing-english.firebasestorage.app\"}","GCLOUD_PROJECT":"typing-english","EVENTARC_CLOUD_EVENT_SOURCE":"projects/typing-english/locations/asia-southeast1/services/tingeeWebhook","FUNCTION_TARGET":"tingeeWebhook","LOG_EXECUTION_ID":"true"},"maxInstanceCount":10,"ingressSettings":"ALLOW_ALL","uri":"https://tingeewebhook-dkfhnyvf5q-as.a.run.app","serviceAccountEmail":"376016695100-compute@developer.gserviceaccount.com","availableMemory":"256Mi","allTrafficOnLatestRevision":true,"secretEnvironmentVariables":[{"key":"TINGEE_SECRET_KEY","projectId":"typing-english","secret":"TINGEE_SECRET_KEY","version":"2"}],"revision":"tingeewebhook-00002-key","maxInstanceRequestConcurrency":80,"availableCpu":"1"},"state":"ACTIVE","labels":{"deployment-tool":"cli-firebase","firebase-functions-hash":"97a797e1384966db6c37b14c5464ad9e9595fea1"},"environment":"GEN_2","url":"https://asia-southeast1-typing-english.cloudfunctions.net/tingeeWebhook","satisfiesPzs":true,"satisfiesPzi":true},"stages":[{"name":"BUILD","message":"Build in progress","state":"IN_PROGRESS","resource":"projects/376016695100/locations/asia-southeast1/builds/e1230e99-f42a-491c-9559-822ee0b935aa","resourceUri":"https://console.cloud.google.com/cloud-build/builds;region=asia-southeast1/e1230e99-f42a-491c-9559-822ee0b935aa?project=376016695100"},{"name":"SERVICE","state":"NOT_STARTED"}],"operationType":"UPDATE_FUNCTION","buildName":"projects/376016695100/locations/asia-southeast1/builds/e1230e99-f42a-491c-9559-822ee0b935aa"},"done":false}
[debug] [2026-10-01T10:58:08.470Z] [update-default-asia-southeast1-tingeeWebhook] Retrying task index 0
[debug] [2026-10-01T10:58:08.471Z] Checked if tokens are valid: true, expires at: 1790855021330
[debug] [2026-10-01T10:58:08.471Z] Checked if tokens are valid: true, expires at: 1790855021330
[debug] [2026-10-01T10:58:08.471Z] >>> [apiv2][query] GET https://cloudfunctions.googleapis.com/v2/projects/typing-english/locations/asia-southeast1/operations/operation-1790852278186-65cc549e2f3d3-9de6457c-06cba848 [none]
[debug] [2026-10-01T10:58:08.801Z] <<< [apiv2][status] GET https://cloudfunctions.googleapis.com/v2/projects/typing-english/locations/asia-southeast1/operations/operation-1790852278186-65cc549e2f3d3-9de6457c-06cba848 200
[debug] [2026-10-01T10:58:08.801Z] <<< [apiv2][body] GET https://cloudfunctions.googleapis.com/v2/projects/typing-english/locations/asia-southeast1/operations/operation-1790852278186-65cc549e2f3d3-9de6457c-06cba848 {"name":"projects/typing-english/locations/asia-southeast1/operations/operation-1790852278186-65cc549e2f3d3-9de6457c-06cba848","metadata":{"@type":"type.googleapis.com/google.cloud.functions.v2.OperationMetadata","createTime":"2026-10-01T10:57:59.526973360Z","target":"projects/typing-english/locations/asia-southeast1/functions/tingeeWebhook","verb":"update","cancelRequested":false,"apiVersion":"v2","requestResource":{"@type":"type.googleapis.com/google.cloud.functions.v2.Function","name":"projects/typing-english/locations/asia-southeast1/functions/tingeeWebhook","buildConfig":{"runtime":"nodejs22","entryPoint":"tingeeWebhook","source":{"storageSource":{"bucket":"gcf-v2-sources-376016695100-asia-southeast1","object":"tingeeWebhook/function-source.zip","generation":"1790852279472089"}},"environmentVariables":{"GOOGLE_NODE_RUN_SCRIPTS":""},"dockerRepository":"projects/typing-english/locations/asia-southeast1/repositories/gcf-artifacts","sourceProvenance":{"resolvedStorageSource":{"bucket":"gcf-v2-sources-376016695100-asia-southeast1","object":"tingeeWebhook/function-source.zip","generation":"1790851953674662"}},"dockerRegistry":"ARTIFACT_REGISTRY","serviceAccount":"projects/typing-english/serviceAccounts/376016695100-compute@developer.gserviceaccount.com","automaticUpdatePolicy":{}},"serviceConfig":{"service":"projects/typing-english/locations/asia-southeast1/services/tingeewebhook","timeoutSeconds":60,"environmentVariables":{"TINGEE_CLIENT_ID":"d1db28da3553e0bfe12e70df82a404e1","FIREBASE_CONFIG":"{\"projectId\":\"typing-english\",\"storageBucket\":\"typing-english.firebasestorage.app\"}","GCLOUD_PROJECT":"typing-english","EVENTARC_CLOUD_EVENT_SOURCE":"projects/typing-english/locations/asia-southeast1/services/tingeeWebhook","FUNCTION_TARGET":"tingeeWebhook","LOG_EXECUTION_ID":"true"},"maxInstanceCount":10,"ingressSettings":"ALLOW_ALL","uri":"https://tingeewebhook-dkfhnyvf5q-as.a.run.app","serviceAccountEmail":"376016695100-compute@developer.gserviceaccount.com","availableMemory":"256Mi","allTrafficOnLatestRevision":true,"secretEnvironmentVariables":[{"key":"TINGEE_SECRET_KEY","projectId":"typing-english","secret":"TINGEE_SECRET_KEY","version":"2"}],"revision":"tingeewebhook-00002-key","maxInstanceRequestConcurrency":80,"availableCpu":"1"},"state":"ACTIVE","labels":{"deployment-tool":"cli-firebase","firebase-functions-hash":"97a797e1384966db6c37b14c5464ad9e9595fea1"},"environment":"GEN_2","url":"https://asia-southeast1-typing-english.cloudfunctions.net/tingeeWebhook","satisfiesPzs":true,"satisfiesPzi":true},"stages":[{"name":"BUILD","message":"Build in progress","state":"IN_PROGRESS","resource":"projects/376016695100/locations/asia-southeast1/builds/e1230e99-f42a-491c-9559-822ee0b935aa","resourceUri":"https://console.cloud.google.com/cloud-build/builds;region=asia-southeast1/e1230e99-f42a-491c-9559-822ee0b935aa?project=376016695100"},{"name":"SERVICE","state":"NOT_STARTED"}],"operationType":"UPDATE_FUNCTION","buildName":"projects/376016695100/locations/asia-southeast1/builds/e1230e99-f42a-491c-9559-822ee0b935aa"},"done":false}
[debug] [2026-10-01T10:58:16.802Z] [update-default-asia-southeast1-tingeeWebhook] Retrying task index 0
[debug] [2026-10-01T10:58:16.803Z] Checked if tokens are valid: true, expires at: 1790855021330
[debug] [2026-10-01T10:58:16.803Z] Checked if tokens are valid: true, expires at: 1790855021330
[debug] [2026-10-01T10:58:16.803Z] >>> [apiv2][query] GET https://cloudfunctions.googleapis.com/v2/projects/typing-english/locations/asia-southeast1/operations/operation-1790852278186-65cc549e2f3d3-9de6457c-06cba848 [none]
[debug] [2026-10-01T10:58:17.368Z] <<< [apiv2][status] GET https://cloudfunctions.googleapis.com/v2/projects/typing-english/locations/asia-southeast1/operations/operation-1790852278186-65cc549e2f3d3-9de6457c-06cba848 200
[debug] [2026-10-01T10:58:17.369Z] <<< [apiv2][body] GET https://cloudfunctions.googleapis.com/v2/projects/typing-english/locations/asia-southeast1/operations/operation-1790852278186-65cc549e2f3d3-9de6457c-06cba848 {"name":"projects/typing-english/locations/asia-southeast1/operations/operation-1790852278186-65cc549e2f3d3-9de6457c-06cba848","metadata":{"@type":"type.googleapis.com/google.cloud.functions.v2.OperationMetadata","createTime":"2026-10-01T10:57:59.526973360Z","target":"projects/typing-english/locations/asia-southeast1/functions/tingeeWebhook","verb":"update","cancelRequested":false,"apiVersion":"v2","requestResource":{"@type":"type.googleapis.com/google.cloud.functions.v2.Function","name":"projects/typing-english/locations/asia-southeast1/functions/tingeeWebhook","buildConfig":{"runtime":"nodejs22","entryPoint":"tingeeWebhook","source":{"storageSource":{"bucket":"gcf-v2-sources-376016695100-asia-southeast1","object":"tingeeWebhook/function-source.zip","generation":"1790852279472089"}},"environmentVariables":{"GOOGLE_NODE_RUN_SCRIPTS":""},"dockerRepository":"projects/typing-english/locations/asia-southeast1/repositories/gcf-artifacts","sourceProvenance":{"resolvedStorageSource":{"bucket":"gcf-v2-sources-376016695100-asia-southeast1","object":"tingeeWebhook/function-source.zip","generation":"1790851953674662"}},"dockerRegistry":"ARTIFACT_REGISTRY","serviceAccount":"projects/typing-english/serviceAccounts/376016695100-compute@developer.gserviceaccount.com","automaticUpdatePolicy":{}},"serviceConfig":{"service":"projects/typing-english/locations/asia-southeast1/services/tingeewebhook","timeoutSeconds":60,"environmentVariables":{"TINGEE_CLIENT_ID":"d1db28da3553e0bfe12e70df82a404e1","FIREBASE_CONFIG":"{\"projectId\":\"typing-english\",\"storageBucket\":\"typing-english.firebasestorage.app\"}","GCLOUD_PROJECT":"typing-english","EVENTARC_CLOUD_EVENT_SOURCE":"projects/typing-english/locations/asia-southeast1/services/tingeeWebhook","FUNCTION_TARGET":"tingeeWebhook","LOG_EXECUTION_ID":"true"},"maxInstanceCount":10,"ingressSettings":"ALLOW_ALL","uri":"https://tingeewebhook-dkfhnyvf5q-as.a.run.app","serviceAccountEmail":"376016695100-compute@developer.gserviceaccount.com","availableMemory":"256Mi","allTrafficOnLatestRevision":true,"secretEnvironmentVariables":[{"key":"TINGEE_SECRET_KEY","projectId":"typing-english","secret":"TINGEE_SECRET_KEY","version":"2"}],"revision":"tingeewebhook-00002-key","maxInstanceRequestConcurrency":80,"availableCpu":"1"},"state":"ACTIVE","labels":{"deployment-tool":"cli-firebase","firebase-functions-hash":"97a797e1384966db6c37b14c5464ad9e9595fea1"},"environment":"GEN_2","url":"https://asia-southeast1-typing-english.cloudfunctions.net/tingeeWebhook","satisfiesPzs":true,"satisfiesPzi":true},"stages":[{"name":"BUILD","message":"Build in progress","state":"IN_PROGRESS","resource":"projects/376016695100/locations/asia-southeast1/builds/e1230e99-f42a-491c-9559-822ee0b935aa","resourceUri":"https://console.cloud.google.com/cloud-build/builds;region=asia-southeast1/e1230e99-f42a-491c-9559-822ee0b935aa?project=376016695100"},{"name":"SERVICE","state":"NOT_STARTED"}],"operationType":"UPDATE_FUNCTION","buildName":"projects/376016695100/locations/asia-southeast1/builds/e1230e99-f42a-491c-9559-822ee0b935aa"},"done":false}
[debug] [2026-10-01T10:58:27.369Z] [update-default-asia-southeast1-tingeeWebhook] Retrying task index 0
[debug] [2026-10-01T10:58:27.369Z] Checked if tokens are valid: true, expires at: 1790855021330
[debug] [2026-10-01T10:58:27.369Z] Checked if tokens are valid: true, expires at: 1790855021330
[debug] [2026-10-01T10:58:27.370Z] >>> [apiv2][query] GET https://cloudfunctions.googleapis.com/v2/projects/typing-english/locations/asia-southeast1/operations/operation-1790852278186-65cc549e2f3d3-9de6457c-06cba848 [none]
[debug] [2026-10-01T10:58:27.769Z] <<< [apiv2][status] GET https://cloudfunctions.googleapis.com/v2/projects/typing-english/locations/asia-southeast1/operations/operation-1790852278186-65cc549e2f3d3-9de6457c-06cba848 200
[debug] [2026-10-01T10:58:27.769Z] <<< [apiv2][body] GET https://cloudfunctions.googleapis.com/v2/projects/typing-english/locations/asia-southeast1/operations/operation-1790852278186-65cc549e2f3d3-9de6457c-06cba848 {"name":"projects/typing-english/locations/asia-southeast1/operations/operation-1790852278186-65cc549e2f3d3-9de6457c-06cba848","metadata":{"@type":"type.googleapis.com/google.cloud.functions.v2.OperationMetadata","createTime":"2026-10-01T10:57:59.526973360Z","target":"projects/typing-english/locations/asia-southeast1/functions/tingeeWebhook","verb":"update","cancelRequested":false,"apiVersion":"v2","requestResource":{"@type":"type.googleapis.com/google.cloud.functions.v2.Function","name":"projects/typing-english/locations/asia-southeast1/functions/tingeeWebhook","buildConfig":{"runtime":"nodejs22","entryPoint":"tingeeWebhook","source":{"storageSource":{"bucket":"gcf-v2-sources-376016695100-asia-southeast1","object":"tingeeWebhook/function-source.zip","generation":"1790852279472089"}},"environmentVariables":{"GOOGLE_NODE_RUN_SCRIPTS":""},"dockerRepository":"projects/typing-english/locations/asia-southeast1/repositories/gcf-artifacts","sourceProvenance":{"resolvedStorageSource":{"bucket":"gcf-v2-sources-376016695100-asia-southeast1","object":"tingeeWebhook/function-source.zip","generation":"1790851953674662"}},"dockerRegistry":"ARTIFACT_REGISTRY","serviceAccount":"projects/typing-english/serviceAccounts/376016695100-compute@developer.gserviceaccount.com","automaticUpdatePolicy":{}},"serviceConfig":{"service":"projects/typing-english/locations/asia-southeast1/services/tingeewebhook","timeoutSeconds":60,"environmentVariables":{"TINGEE_CLIENT_ID":"d1db28da3553e0bfe12e70df82a404e1","FIREBASE_CONFIG":"{\"projectId\":\"typing-english\",\"storageBucket\":\"typing-english.firebasestorage.app\"}","GCLOUD_PROJECT":"typing-english","EVENTARC_CLOUD_EVENT_SOURCE":"projects/typing-english/locations/asia-southeast1/services/tingeeWebhook","FUNCTION_TARGET":"tingeeWebhook","LOG_EXECUTION_ID":"true"},"maxInstanceCount":10,"ingressSettings":"ALLOW_ALL","uri":"https://tingeewebhook-dkfhnyvf5q-as.a.run.app","serviceAccountEmail":"376016695100-compute@developer.gserviceaccount.com","availableMemory":"256Mi","allTrafficOnLatestRevision":true,"secretEnvironmentVariables":[{"key":"TINGEE_SECRET_KEY","projectId":"typing-english","secret":"TINGEE_SECRET_KEY","version":"2"}],"revision":"tingeewebhook-00002-key","maxInstanceRequestConcurrency":80,"availableCpu":"1"},"state":"ACTIVE","labels":{"deployment-tool":"cli-firebase","firebase-functions-hash":"97a797e1384966db6c37b14c5464ad9e9595fea1"},"environment":"GEN_2","url":"https://asia-southeast1-typing-english.cloudfunctions.net/tingeeWebhook","satisfiesPzs":true,"satisfiesPzi":true},"stages":[{"name":"BUILD","message":"Build in progress","state":"IN_PROGRESS","resource":"projects/376016695100/locations/asia-southeast1/builds/e1230e99-f42a-491c-9559-822ee0b935aa","resourceUri":"https://console.cloud.google.com/cloud-build/builds;region=asia-southeast1/e1230e99-f42a-491c-9559-822ee0b935aa?project=376016695100"},{"name":"SERVICE","state":"NOT_STARTED"}],"operationType":"UPDATE_FUNCTION","buildName":"projects/376016695100/locations/asia-southeast1/builds/e1230e99-f42a-491c-9559-822ee0b935aa"},"done":false}
